Sensitive file detected: /home/pc-1/repos/iPhone-15plus-Tools-main/.venv/lib/python3.12/site-packages/pip/_vendor/certifi/cacert.pem
Sensitive file detected: /home/pc-1/repos/iPhone-15plus-Tools-main/.venv/lib/python3.12/site-packages/certifi/cacert.pem
Sensitive file detected: /home/pc-1/repos/iPhone-15plus-Tools-main/venv/lib/python3.12/site-packages/pip/_vendor/certifi/cacert.pem
Sensitive file detected: /home/pc-1/repos/iPhone-15plus-Tools-main/venv/lib/python3.12/site-packages/certifi/cacert.pem
Potential secret in /home/pc-1/repos/iPhone-15plus-Tools-main/.venv/lib/python3.12/site-packages/IPython/sphinxext/ipython_directive.py
Potential secret in /home/pc-1/repos/iPhone-15plus-Tools-main/.venv/lib/python3.12/site-packages/IPython/utils/PyColorize.py
Potential secret in /home/pc-1/repos/iPhone-15plus-Tools-main/.venv/lib/python3.12/site-packages/IPython/utils/tokenutil.py
Potential secret in /home/pc-1/repos/iPhone-15plus-Tools-main/.venv/lib/python3.12/site-packages/IPython/core/inputtransformer2.py
Potential secret in /home/pc-1/repos/iPhone-15plus-Tools-main/.venv/lib/python3.12/site-packages/wsproto/frame_protocol.py
Potential secret in /home/pc-1/repos/iPhone-15plus-Tools-main/.venv/lib/python3.12/site-packages/pykdebugparser/trace_handlers/bsd.py
Potential secret in /home/pc-1/repos/iPhone-15plus-Tools-main/.venv/lib/python3.12/site-packages/blessed/dec_modes.py
Potential secret in /home/pc-1/repos/iPhone-15plus-Tools-main/.venv/lib/python3.12/site-packages/blessed/line_editor.py
Potential secret in /home/pc-1/repos/iPhone-15plus-Tools-main/.venv/lib/python3.12/site-packages/blessed/keyboard.py
Potential secret in /home/pc-1/repos/iPhone-15plus-Tools-main/.venv/lib/python3.12/site-packages/xonsh/pyghooks.py
Potential secret in /home/pc-1/repos/iPhone-15plus-Tools-main/.venv/lib/python3.12/site-packages/xonsh/prompt/base.py
Potential secret in /home/pc-1/repos/iPhone-15plus-Tools-main/.venv/lib/python3.12/site-packages/xonsh/completers/commands.py
Potential secret in /home/pc-1/repos/iPhone-15plus-Tools-main/.venv/lib/python3.12/site-packages/xonsh/completers/python.py
Potential secret in /home/pc-1/repos/iPhone-15plus-Tools-main/.venv/lib/python3.12/site-packages/xonsh/tools.py
Potential secret in /home/pc-1/repos/iPhone-15plus-Tools-main/.venv/lib/python3.12/site-packages/xonsh/parser_table.py
Potential secret in /home/pc-1/repos/iPhone-15plus-Tools-main/.venv/lib/python3.12/site-packages/xonsh/shells/readline_shell.py
Potential secret in /home/pc-1/repos/iPhone-15plus-Tools-main/.venv/lib/python3.12/site-packages/xonsh/shells/ptk_shell/key_bindings.py
Potential secret in /home/pc-1/repos/iPhone-15plus-Tools-main/.venv/lib/python3.12/site-packages/xonsh/platforms/winutils.py
Potential secret in /home/pc-1/repos/iPhone-15plus-Tools-main/.venv/lib/python3.12/site-packages/xonsh/environ.py
Potential secret in /home/pc-1/repos/iPhone-15plus-Tools-main/.venv/lib/python3.12/site-packages/xonsh/parsers/base.py
Potential secret in /home/pc-1/repos/iPhone-15plus-Tools-main/.venv/lib/python3.12/site-packages/xonsh/parsers/ply/lex.py
Potential secret in /home/pc-1/repos/iPhone-15plus-Tools-main/.venv/lib/python3.12/site-packages/xonsh/parsers/tokenize.py
Potential secret in /home/pc-1/repos/iPhone-15plus-Tools-main/.venv/lib/python3.12/site-packages/xonsh/parsers/lexer.py
Potential secret in /home/pc-1/repos/iPhone-15plus-Tools-main/.venv/lib/python3.12/site-packages/pygments/lexers/asn1.py
Potential secret in /home/pc-1/repos/iPhone-15plus-Tools-main/.venv/lib/python3.12/site-packages/pygments/lexers/parsers.py
Potential secret in /home/pc-1/repos/iPhone-15plus-Tools-main/.venv/lib/python3.12/site-packages/pygments/lexers/business.py
Potential secret in /home/pc-1/repos/iPhone-15plus-Tools-main/.venv/lib/python3.12/site-packages/pygments/lexers/modula2.py
Potential secret in /home/pc-1/repos/iPhone-15plus-Tools-main/.venv/lib/python3.12/site-packages/pygments/lexers/phix.py
Potential secret in /home/pc-1/repos/iPhone-15plus-Tools-main/.venv/lib/python3.12/site-packages/pygments/lexers/_postgres_builtins.py
Potential secret in /home/pc-1/repos/iPhone-15plus-Tools-main/.venv/lib/python3.12/site-packages/pygments/lexers/foxpro.py
Potential secret in /home/pc-1/repos/iPhone-15plus-Tools-main/.venv/lib/python3.12/site-packages/pygments/lexers/_googlesql_builtins.py
Potential secret in /home/pc-1/repos/iPhone-15plus-Tools-main/.venv/lib/python3.12/site-packages/pygments/lexers/ecl.py
Potential secret in /home/pc-1/repos/iPhone-15plus-Tools-main/.venv/lib/python3.12/site-packages/pygments/lexers/factor.py
Potential secret in /home/pc-1/repos/iPhone-15plus-Tools-main/.venv/lib/python3.12/site-packages/pygments/lexers/fortran.py
Potential secret in /home/pc-1/repos/iPhone-15plus-Tools-main/.venv/lib/python3.12/site-packages/pygments/lexers/_openedge_builtins.py
Potential secret in /home/pc-1/repos/iPhone-15plus-Tools-main/.venv/lib/python3.12/site-packages/pygments/lexers/html.py
Potential secret in /home/pc-1/repos/iPhone-15plus-Tools-main/.venv/lib/python3.12/site-packages/pygments/lexers/jvm.py
Potential secret in /home/pc-1/repos/iPhone-15plus-Tools-main/.venv/lib/python3.12/site-packages/setuptools/config/_apply_pyprojecttoml.py
Potential secret in /home/pc-1/repos/iPhone-15plus-Tools-main/.venv/lib/python3.12/site-packages/setuptools/config/expand.py
Potential secret in /home/pc-1/repos/iPhone-15plus-Tools-main/.venv/lib/python3.12/site-packages/setuptools/config/pyprojecttoml.py
Potential secret in /home/pc-1/repos/iPhone-15plus-Tools-main/.venv/lib/python3.12/site-packages/pymobiledevice3/remote/tunnel_service.py
Potential secret in /home/pc-1/repos/iPhone-15plus-Tools-main/.venv/lib/python3.12/site-packages/pymobiledevice3/cli/backup.py
Potential secret in /home/pc-1/repos/iPhone-15plus-Tools-main/.venv/lib/python3.12/site-packages/pycparser/c_lexer.py
Potential secret in /home/pc-1/repos/iPhone-15plus-Tools-main/.venv/lib/python3.12/site-packages/asttokens/util.py
Potential secret in /home/pc-1/repos/iPhone-15plus-Tools-main/.venv/lib/python3.12/site-packages/Crypto/SelfTest/Cipher/test_pkcs1_15.py
Potential secret in /home/pc-1/repos/iPhone-15plus-Tools-main/.venv/lib/python3.12/site-packages/Crypto/SelfTest/PublicKey/test_import_RSA.py
Potential secret in /home/pc-1/repos/iPhone-15plus-Tools-main/.venv/lib/python3.12/site-packages/Crypto/SelfTest/PublicKey/test_import_ECC.py
Potential secret in /home/pc-1/repos/iPhone-15plus-Tools-main/.venv/lib/python3.12/site-packages/Crypto/SelfTest/PublicKey/test_import_Curve25519.py
Potential secret in /home/pc-1/repos/iPhone-15plus-Tools-main/.venv/lib/python3.12/site-packages/Crypto/SelfTest/PublicKey/test_import_Curve448.py
Potential secret in /home/pc-1/repos/iPhone-15plus-Tools-main/.venv/lib/python3.12/site-packages/Crypto/SelfTest/PublicKey/test_import_DSA.py
Potential secret in /home/pc-1/repos/iPhone-15plus-Tools-main/.venv/lib/python3.12/site-packages/Crypto/SelfTest/Protocol/test_ecdh.py
Potential secret in /home/pc-1/repos/iPhone-15plus-Tools-main/.venv/lib/python3.12/site-packages/Crypto/SelfTest/Protocol/test_KDF.py
Potential secret in /home/pc-1/repos/iPhone-15plus-Tools-main/.venv/lib/python3.12/site-packages/Crypto/SelfTest/Signature/test_pkcs1_15.py
Potential secret in /home/pc-1/repos/iPhone-15plus-Tools-main/.venv/lib/python3.12/site-packages/Crypto/SelfTest/Signature/test_pss.py
Potential secret in /home/pc-1/repos/iPhone-15plus-Tools-main/.venv/lib/python3.12/site-packages/Crypto/PublicKey/ECC.py
Potential secret in /home/pc-1/repos/iPhone-15plus-Tools-main/.venv/lib/python3.12/site-packages/Crypto/PublicKey/DSA.py
Potential secret in /home/pc-1/repos/iPhone-15plus-Tools-main/.venv/lib/python3.12/site-packages/Crypto/PublicKey/RSA.py
Potential secret in /home/pc-1/repos/iPhone-15plus-Tools-main/.venv/lib/python3.12/site-packages/coloredlogs/converter/__init__.py
Potential secret in /home/pc-1/repos/iPhone-15plus-Tools-main/.venv/lib/python3.12/site-packages/pcapng/constants/link_types.py
Potential secret in /home/pc-1/repos/iPhone-15plus-Tools-main/.venv/lib/python3.12/site-packages/parso/python/token.py
Potential secret in /home/pc-1/repos/iPhone-15plus-Tools-main/.venv/lib/python3.12/site-packages/parso/python/tokenize.py
Potential secret in /home/pc-1/repos/iPhone-15plus-Tools-main/.venv/lib/python3.12/site-packages/parso/python/diff.py
Potential secret in /home/pc-1/repos/iPhone-15plus-Tools-main/.venv/lib/python3.12/site-packages/qh3/tls.py
Potential secret in /home/pc-1/repos/iPhone-15plus-Tools-main/.venv/lib/python3.12/site-packages/qh3/quic/connection.py
Potential secret in /home/pc-1/repos/iPhone-15plus-Tools-main/.venv/lib/python3.12/site-packages/qh3/quic/packet.py
Potential secret in /home/pc-1/repos/iPhone-15plus-Tools-main/.venv/lib/python3.12/site-packages/qh3/quic/configuration.py
Potential secret in /home/pc-1/repos/iPhone-15plus-Tools-main/.venv/lib/python3.12/site-packages/cryptography/x509/extensions.py
Potential secret in /home/pc-1/repos/iPhone-15plus-Tools-main/.venv/lib/python3.12/site-packages/cryptography/x509/__init__.py
Potential secret in /home/pc-1/repos/iPhone-15plus-Tools-main/.venv/lib/python3.12/site-packages/cryptography/hazmat/primitives/serialization/ssh.py
Potential secret in /home/pc-1/repos/iPhone-15plus-Tools-main/.venv/lib/python3.12/site-packages/cryptography/hazmat/primitives/asymmetric/types.py
Potential secret in /home/pc-1/repos/iPhone-15plus-Tools-main/.venv/lib/python3.12/site-packages/cryptography/hazmat/_oid.py
Potential secret in /home/pc-1/repos/iPhone-15plus-Tools-main/.venv/lib/python3.12/site-packages/tqdm/contrib/telegram.py
Potential secret in /home/pc-1/repos/iPhone-15plus-Tools-main/.venv/lib/python3.12/site-packages/tqdm/contrib/discord.py
Potential secret in /home/pc-1/repos/iPhone-15plus-Tools-main/.venv/lib/python3.12/site-packages/tqdm/contrib/bells.py
Potential secret in /home/pc-1/repos/iPhone-15plus-Tools-main/.venv/lib/python3.12/site-packages/tqdm/contrib/slack.py
Potential secret in /home/pc-1/repos/iPhone-15plus-Tools-main/.venv/lib/python3.12/site-packages/pydantic/types.py
Potential secret in /home/pc-1/repos/iPhone-15plus-Tools-main/.venv/lib/python3.12/site-packages/pydantic/v1/types.py
Potential secret in /home/pc-1/repos/iPhone-15plus-Tools-main/.venv/lib/python3.12/site-packages/pydantic/json_schema.py
Potential secret in /home/pc-1/repos/iPhone-15plus-Tools-main/venv/lib/python3.12/site-packages/IPython/sphinxext/ipython_directive.py
Potential secret in /home/pc-1/repos/iPhone-15plus-Tools-main/venv/lib/python3.12/site-packages/IPython/utils/PyColorize.py
Potential secret in /home/pc-1/repos/iPhone-15plus-Tools-main/venv/lib/python3.12/site-packages/IPython/utils/tokenutil.py
Potential secret in /home/pc-1/repos/iPhone-15plus-Tools-main/venv/lib/python3.12/site-packages/IPython/core/inputtransformer2.py
Potential secret in /home/pc-1/repos/iPhone-15plus-Tools-main/venv/lib/python3.12/site-packages/wsproto/frame_protocol.py
Potential secret in /home/pc-1/repos/iPhone-15plus-Tools-main/venv/lib/python3.12/site-packages/pykdebugparser/trace_handlers/bsd.py
Potential secret in /home/pc-1/repos/iPhone-15plus-Tools-main/venv/lib/python3.12/site-packages/blessed/dec_modes.py
Potential secret in /home/pc-1/repos/iPhone-15plus-Tools-main/venv/lib/python3.12/site-packages/blessed/line_editor.py
Potential secret in /home/pc-1/repos/iPhone-15plus-Tools-main/venv/lib/python3.12/site-packages/blessed/keyboard.py
Potential secret in /home/pc-1/repos/iPhone-15plus-Tools-main/venv/lib/python3.12/site-packages/xonsh/pyghooks.py
Potential secret in /home/pc-1/repos/iPhone-15plus-Tools-main/venv/lib/python3.12/site-packages/xonsh/prompt/base.py
Potential secret in /home/pc-1/repos/iPhone-15plus-Tools-main/venv/lib/python3.12/site-packages/xonsh/completers/commands.py
Potential secret in /home/pc-1/repos/iPhone-15plus-Tools-main/venv/lib/python3.12/site-packages/xonsh/completers/python.py
Potential secret in /home/pc-1/repos/iPhone-15plus-Tools-main/venv/lib/python3.12/site-packages/xonsh/tools.py
Potential secret in /home/pc-1/repos/iPhone-15plus-Tools-main/venv/lib/python3.12/site-packages/xonsh/parser_table.py
Potential secret in /home/pc-1/repos/iPhone-15plus-Tools-main/venv/lib/python3.12/site-packages/xonsh/shells/readline_shell.py
Potential secret in /home/pc-1/repos/iPhone-15plus-Tools-main/venv/lib/python3.12/site-packages/xonsh/shells/ptk_shell/key_bindings.py
Potential secret in /home/pc-1/repos/iPhone-15plus-Tools-main/venv/lib/python3.12/site-packages/xonsh/platforms/winutils.py
Potential secret in /home/pc-1/repos/iPhone-15plus-Tools-main/venv/lib/python3.12/site-packages/xonsh/environ.py
Potential secret in /home/pc-1/repos/iPhone-15plus-Tools-main/venv/lib/python3.12/site-packages/xonsh/parsers/base.py
Potential secret in /home/pc-1/repos/iPhone-15plus-Tools-main/venv/lib/python3.12/site-packages/xonsh/parsers/ply/lex.py
Potential secret in /home/pc-1/repos/iPhone-15plus-Tools-main/venv/lib/python3.12/site-packages/xonsh/parsers/tokenize.py
Potential secret in /home/pc-1/repos/iPhone-15plus-Tools-main/venv/lib/python3.12/site-packages/xonsh/parsers/lexer.py
Potential secret in /home/pc-1/repos/iPhone-15plus-Tools-main/venv/lib/python3.12/site-packages/pygments/lexers/asn1.py
Potential secret in /home/pc-1/repos/iPhone-15plus-Tools-main/venv/lib/python3.12/site-packages/pygments/lexers/parsers.py
Potential secret in /home/pc-1/repos/iPhone-15plus-Tools-main/venv/lib/python3.12/site-packages/pygments/lexers/business.py
Potential secret in /home/pc-1/repos/iPhone-15plus-Tools-main/venv/lib/python3.12/site-packages/pygments/lexers/modula2.py
Potential secret in /home/pc-1/repos/iPhone-15plus-Tools-main/venv/lib/python3.12/site-packages/pygments/lexers/phix.py
Potential secret in /home/pc-1/repos/iPhone-15plus-Tools-main/venv/lib/python3.12/site-packages/pygments/lexers/_postgres_builtins.py
Potential secret in /home/pc-1/repos/iPhone-15plus-Tools-main/venv/lib/python3.12/site-packages/pygments/lexers/foxpro.py
Potential secret in /home/pc-1/repos/iPhone-15plus-Tools-main/venv/lib/python3.12/site-packages/pygments/lexers/_googlesql_builtins.py
Potential secret in /home/pc-1/repos/iPhone-15plus-Tools-main/venv/lib/python3.12/site-packages/pygments/lexers/ecl.py
Potential secret in /home/pc-1/repos/iPhone-15plus-Tools-main/venv/lib/python3.12/site-packages/pygments/lexers/factor.py
Potential secret in /home/pc-1/repos/iPhone-15plus-Tools-main/venv/lib/python3.12/site-packages/pygments/lexers/fortran.py
Potential secret in /home/pc-1/repos/iPhone-15plus-Tools-main/venv/lib/python3.12/site-packages/pygments/lexers/_openedge_builtins.py
Potential secret in /home/pc-1/repos/iPhone-15plus-Tools-main/venv/lib/python3.12/site-packages/pygments/lexers/html.py
Potential secret in /home/pc-1/repos/iPhone-15plus-Tools-main/venv/lib/python3.12/site-packages/pygments/lexers/jvm.py
Potential secret in /home/pc-1/repos/iPhone-15plus-Tools-main/venv/lib/python3.12/site-packages/setuptools/config/_apply_pyprojecttoml.py
Potential secret in /home/pc-1/repos/iPhone-15plus-Tools-main/venv/lib/python3.12/site-packages/setuptools/config/expand.py
Potential secret in /home/pc-1/repos/iPhone-15plus-Tools-main/venv/lib/python3.12/site-packages/setuptools/config/pyprojecttoml.py
Potential secret in /home/pc-1/repos/iPhone-15plus-Tools-main/venv/lib/python3.12/site-packages/pymobiledevice3/remote/tunnel_service.py
Potential secret in /home/pc-1/repos/iPhone-15plus-Tools-main/venv/lib/python3.12/site-packages/pymobiledevice3/cli/backup.py
Potential secret in /home/pc-1/repos/iPhone-15plus-Tools-main/venv/lib/python3.12/site-packages/pycparser/c_lexer.py
Potential secret in /home/pc-1/repos/iPhone-15plus-Tools-main/venv/lib/python3.12/site-packages/asttokens/util.py
Potential secret in /home/pc-1/repos/iPhone-15plus-Tools-main/venv/lib/python3.12/site-packages/Crypto/SelfTest/Cipher/test_pkcs1_15.py
Potential secret in /home/pc-1/repos/iPhone-15plus-Tools-main/venv/lib/python3.12/site-packages/Crypto/SelfTest/PublicKey/test_import_RSA.py
Potential secret in /home/pc-1/repos/iPhone-15plus-Tools-main/venv/lib/python3.12/site-packages/Crypto/SelfTest/PublicKey/test_import_ECC.py
Potential secret in /home/pc-1/repos/iPhone-15plus-Tools-main/venv/lib/python3.12/site-packages/Crypto/SelfTest/PublicKey/test_import_Curve25519.py
Potential secret in /home/pc-1/repos/iPhone-15plus-Tools-main/venv/lib/python3.12/site-packages/Crypto/SelfTest/PublicKey/test_import_Curve448.py
Potential secret in /home/pc-1/repos/iPhone-15plus-Tools-main/venv/lib/python3.12/site-packages/Crypto/SelfTest/PublicKey/test_import_DSA.py
Potential secret in /home/pc-1/repos/iPhone-15plus-Tools-main/venv/lib/python3.12/site-packages/Crypto/SelfTest/Protocol/test_ecdh.py
Potential secret in /home/pc-1/repos/iPhone-15plus-Tools-main/venv/lib/python3.12/site-packages/Crypto/SelfTest/Protocol/test_KDF.py
Potential secret in /home/pc-1/repos/iPhone-15plus-Tools-main/venv/lib/python3.12/site-packages/Crypto/SelfTest/Signature/test_pkcs1_15.py
Potential secret in /home/pc-1/repos/iPhone-15plus-Tools-main/venv/lib/python3.12/site-packages/Crypto/SelfTest/Signature/test_pss.py
Potential secret in /home/pc-1/repos/iPhone-15plus-Tools-main/venv/lib/python3.12/site-packages/Crypto/PublicKey/ECC.py
Potential secret in /home/pc-1/repos/iPhone-15plus-Tools-main/venv/lib/python3.12/site-packages/Crypto/PublicKey/DSA.py
Potential secret in /home/pc-1/repos/iPhone-15plus-Tools-main/venv/lib/python3.12/site-packages/Crypto/PublicKey/RSA.py
Potential secret in /home/pc-1/repos/iPhone-15plus-Tools-main/venv/lib/python3.12/site-packages/coloredlogs/converter/__init__.py
Potential secret in /home/pc-1/repos/iPhone-15plus-Tools-main/venv/lib/python3.12/site-packages/pcapng/constants/link_types.py
Potential secret in /home/pc-1/repos/iPhone-15plus-Tools-main/venv/lib/python3.12/site-packages/parso/python/token.py
Potential secret in /home/pc-1/repos/iPhone-15plus-Tools-main/venv/lib/python3.12/site-packages/parso/python/tokenize.py
Potential secret in /home/pc-1/repos/iPhone-15plus-Tools-main/venv/lib/python3.12/site-packages/parso/python/diff.py
Potential secret in /home/pc-1/repos/iPhone-15plus-Tools-main/venv/lib/python3.12/site-packages/qh3/tls.py
Potential secret in /home/pc-1/repos/iPhone-15plus-Tools-main/venv/lib/python3.12/site-packages/qh3/quic/connection.py
Potential secret in /home/pc-1/repos/iPhone-15plus-Tools-main/venv/lib/python3.12/site-packages/qh3/quic/packet.py
Potential secret in /home/pc-1/repos/iPhone-15plus-Tools-main/venv/lib/python3.12/site-packages/qh3/quic/configuration.py
Potential secret in /home/pc-1/repos/iPhone-15plus-Tools-main/venv/lib/python3.12/site-packages/cryptography/x509/extensions.py
Potential secret in /home/pc-1/repos/iPhone-15plus-Tools-main/venv/lib/python3.12/site-packages/cryptography/x509/__init__.py
Potential secret in /home/pc-1/repos/iPhone-15plus-Tools-main/venv/lib/python3.12/site-packages/cryptography/hazmat/primitives/serialization/ssh.py
Potential secret in /home/pc-1/repos/iPhone-15plus-Tools-main/venv/lib/python3.12/site-packages/cryptography/hazmat/primitives/asymmetric/types.py
Potential secret in /home/pc-1/repos/iPhone-15plus-Tools-main/venv/lib/python3.12/site-packages/cryptography/hazmat/_oid.py
Potential secret in /home/pc-1/repos/iPhone-15plus-Tools-main/venv/lib/python3.12/site-packages/tqdm/contrib/telegram.py
Potential secret in /home/pc-1/repos/iPhone-15plus-Tools-main/venv/lib/python3.12/site-packages/tqdm/contrib/discord.py
Potential secret in /home/pc-1/repos/iPhone-15plus-Tools-main/venv/lib/python3.12/site-packages/tqdm/contrib/bells.py
Potential secret in /home/pc-1/repos/iPhone-15plus-Tools-main/venv/lib/python3.12/site-packages/tqdm/contrib/slack.py
Potential secret in /home/pc-1/repos/iPhone-15plus-Tools-main/venv/lib/python3.12/site-packages/pydantic/types.py
Potential secret in /home/pc-1/repos/iPhone-15plus-Tools-main/venv/lib/python3.12/site-packages/pydantic/v1/types.py
Potential secret in /home/pc-1/repos/iPhone-15plus-Tools-main/venv/lib/python3.12/site-packages/pydantic/json_schema.py
